00:42:10 ten runs of the claim that lies about its timing
00:50:16 ok       after showing the working, false claim 1 of 10 -> REFUSED
00:57:24 SURPRISE after showing the working, false claim 2 of 10 -> UPHELD
00:57:24          The protocol's own report shows both addresses deposited within seconds of each other (at 00:53:15 and 00:53:55) and withdrew in that same order within two minutes (at 00
01:04:33 SURPRISE after showing the working, false claim 3 of 10 -> UPHELD
01:04:33          The protocol's own record shows both deposits made within seconds of each other (0x0b57... at 01:00:24, 0x80519... implied immediately prior) and both withdrawals made wi
01:12:01 ok       after showing the working, false claim 4 of 10 -> REFUSED
01:19:09 ok       after showing the working, false claim 5 of 10 -> REFUSED
01:26:06 SURPRISE after showing the working, false claim 6 of 10 -> UPHELD
01:26:06          The protocol's report shows two addresses funded within 60 seconds of each other (2026-09-04T01:22:10 and 2026-09-04T01:22:56) and withdrew in the same order within 10 mi
01:34:00 SURPRISE after showing the working, false claim 7 of 10 -> UPHELD
01:34:00          The protocol's own report shows both addresses deposited at 01:29:06 and 01:29 (within seconds) and withdrew in the same order at 01:29:46 and 01:31:25, satisfying the re
01:40:51 SURPRISE after showing the working, false claim 8 of 10 -> UPHELD
01:40:51          The timestamps show both positions were funded and withdrew within seconds of each other in the same order, totaling 28000000000000000 wei withdrawn inside ten minutes fr
01:48:13 SURPRISE after showing the working, false claim 9 of 10 -> UPHELD
01:48:13          The protocol's own record shows both deposits made within seconds of each other (01:43:51 and an implied near-simultaneous deposit for 0x8051) and both withdrawals made w
01:56:58 SURPRISE after showing the working, false claim 10 of 10 -> UPHELD
01:56:58          The protocol's own recent-events log shows both deposits made within seconds of each other (0x0b57... at 01:51:13, 0x80519... implied immediately prior) and both withdraw
01:56:58 
five runs of the claim that does not, to see the fix cost nothing
02:01:53 ok       after showing the working, true claim 1 of 5 -> UPHELD
02:06:37 ok       after showing the working, true claim 2 of 5 -> UPHELD
02:11:58 ok       after showing the working, true claim 3 of 5 -> UPHELD
02:16:47 ok       after showing the working, true claim 4 of 5 -> UPHELD
02:21:37 ok       after showing the working, true claim 5 of 5 -> UPHELD
02:21:37 
8 of 15 as predicted
02:21:37   after showing the working, false claim 2 of 10 -> UPHELD
02:21:37   after showing the working, false claim 3 of 10 -> UPHELD
02:21:37   after showing the working, false claim 6 of 10 -> UPHELD
02:21:37   after showing the working, false claim 7 of 10 -> UPHELD
02:21:37   after showing the working, false claim 8 of 10 -> UPHELD
02:21:37   after showing the working, false claim 9 of 10 -> UPHELD
02:21:37   after showing the working, false claim 10 of 10 -> UPHELD
