guardian 0x5D9D81dDDddA356c1b6E3854C897c37055E5450a
vault    0x1c9127927A0f732C5D82765d0c23F3952d1D76d1
protect  {"ok":true,"target":"0x1c9127927a0f732c5d82765d0c23f3952d1d76d1","bounty":"10000000000000000","state":"OPEN"}
deposit  {"ok":true,"balance":"40000000000000000"}
floor    {"ok":true,"target":"0x1c9127927a0f732c5d82765d0c23f3952d1d76d1","floor":"not more than 50 percent inside 600 seconds"}

taking a quarter, which the floor allows
   {"ok":true,"withdrew":"10000000000000000","left":"30000000000000000"}

taking enough to cross it, in one transaction
   {"ok":false,"halted":false,"blocked_so_far":1,"error":"this would cross the floor this contract published"}
GenLayer RPC error (gen_call): Rate limit exceeded: 30 requests per minute
file:///D:/projects/GenLayer/halt/node_modules/viem/_esm/utils/buildRequest.js:127
                        throw new UnknownRpcError(err);
                              ^

UnknownRpcError: An unknown RPC error occurred.

Details: Rate limit exceeded: 30 requests per minute
Version: viem@2.56.3
    at withRetry.delay.count.count (file:///D:/projects/GenLayer/halt/node_modules/viem/_esm/utils/buildRequest.js:127:31)
    at process.processTicksAndRejections (node:internal/process/task_queues:104:5)
    at async attemptRetry (file:///D:/projects/GenLayer/halt/node_modules/viem/_esm/utils/promise/withRetry.js:24:30) {
  details: 'Rate limit exceeded: 30 requests per minute',
  docsPath: undefined,
  metaMessages: undefined,
  shortMessage: 'An unknown RPC error occurred.',
  version: '2.56.3',
  code: -1,
  [cause]: {
    code: -32029,
    message: 'Rate limit exceeded: 30 requests per minute',
    data: {
      bucket: 'standard',
      window: 'minute',
      limit: 30,
      current: 30,
      retry_after_seconds: 1
    }
  }
}

Node.js v24.18.0
attempt 1 failed: Rate limit exceeded: 30 requests per minute
attempt 2 failed: Rate limit exceeded: 30 requests per minute
attempt 3 failed: Rate limit exceeded: 500 requests per hour
attempt 4 failed: Rate limit exceeded: 500 requests per hour
attempt 5 failed: Rate limit exceeded: 500 requests per hour
